Archive member included to satisfy reference by file (symbol)

e:/stm32cubemx/gcc-arm-none-eabi-10.3-2021.10-win32/gcc-arm-none-eabi-10.3-2021.10/bin/../lib/gcc/arm-none-eabi/10.3.1/thumb/v7-m/nofp\libgcc.a(_arm_mulsf3.o)
                              CMakeFiles/test2.elf.dir/Core/Src/main.c.obj (__aeabi_fmul)
e:/stm32cubemx/gcc-arm-none-eabi-10.3-2021.10-win32/gcc-arm-none-eabi-10.3-2021.10/bin/../lib/gcc/arm-none-eabi/10.3.1/thumb/v7-m/nofp\libgcc.a(_arm_addsubsf3.o)
                              CMakeFiles/test2.elf.dir/Core/Src/main.c.obj (__aeabi_fadd)
e:/stm32cubemx/gcc-arm-none-eabi-10.3-2021.10-win32/gcc-arm-none-eabi-10.3-2021.10/bin/../lib/gcc/arm-none-eabi/10.3.1/thumb/v7-m/nofp\libgcc.a(_arm_muldivsf3.o)
                              CMakeFiles/test2.elf.dir/Core/Src/main.c.obj (__aeabi_fdiv)
e:/stm32cubemx/gcc-arm-none-eabi-10.3-2021.10-win32/gcc-arm-none-eabi-10.3-2021.10/bin/../lib/gcc/arm-none-eabi/10.3.1/thumb/v7-m/nofp\libgcc.a(_arm_fixunssfsi.o)
                              CMakeFiles/test2.elf.dir/Core/Src/main.c.obj (__aeabi_f2uiz)
e:/stm32cubemx/gcc-arm-none-eabi-10.3-2021.10-win32/gcc-arm-none-eabi-10.3-2021.10/bin/../lib/gcc/arm-none-eabi/10.3.1/../../../../arm-none-eabi/lib/thumb/v7-m/nofp\libg.a(lib_a-errno.o)
                              CMakeFiles/test2.elf.dir/Core/Src/syscalls.c.obj (__errno)
e:/stm32cubemx/gcc-arm-none-eabi-10.3-2021.10-win32/gcc-arm-none-eabi-10.3-2021.10/bin/../lib/gcc/arm-none-eabi/10.3.1/../../../../arm-none-eabi/lib/thumb/v7-m/nofp\libg.a(lib_a-exit.o)
                              e:/stm32cubemx/gcc-arm-none-eabi-10.3-2021.10-win32/gcc-arm-none-eabi-10.3-2021.10/bin/../lib/gcc/arm-none-eabi/10.3.1/../../../../arm-none-eabi/lib/thumb/v7-m/nofp/crt0.o (exit)
e:/stm32cubemx/gcc-arm-none-eabi-10.3-2021.10-win32/gcc-arm-none-eabi-10.3-2021.10/bin/../lib/gcc/arm-none-eabi/10.3.1/../../../../arm-none-eabi/lib/thumb/v7-m/nofp\libg.a(lib_a-impure.o)
                              e:/stm32cubemx/gcc-arm-none-eabi-10.3-2021.10-win32/gcc-arm-none-eabi-10.3-2021.10/bin/../lib/gcc/arm-none-eabi/10.3.1/../../../../arm-none-eabi/lib/thumb/v7-m/nofp\libg.a(lib_a-exit.o) (_global_impure_ptr)
e:/stm32cubemx/gcc-arm-none-eabi-10.3-2021.10-win32/gcc-arm-none-eabi-10.3-2021.10/bin/../lib/gcc/arm-none-eabi/10.3.1/../../../../arm-none-eabi/lib/thumb/v7-m/nofp\libg.a(lib_a-init.o)
                              e:/stm32cubemx/gcc-arm-none-eabi-10.3-2021.10-win32/gcc-arm-none-eabi-10.3-2021.10/bin/../lib/gcc/arm-none-eabi/10.3.1/../../../../arm-none-eabi/lib/thumb/v7-m/nofp/crt0.o (__libc_init_array)
e:/stm32cubemx/gcc-arm-none-eabi-10.3-2021.10-win32/gcc-arm-none-eabi-10.3-2021.10/bin/../lib/gcc/arm-none-eabi/10.3.1/../../../../arm-none-eabi/lib/thumb/v7-m/nofp\libg.a(lib_a-memset.o)
                              e:/stm32cubemx/gcc-arm-none-eabi-10.3-2021.10-win32/gcc-arm-none-eabi-10.3-2021.10/bin/../lib/gcc/arm-none-eabi/10.3.1/../../../../arm-none-eabi/lib/thumb/v7-m/nofp/crt0.o (memset)
e:/stm32cubemx/gcc-arm-none-eabi-10.3-2021.10-win32/gcc-arm-none-eabi-10.3-2021.10/bin/../lib/gcc/arm-none-eabi/10.3.1/../../../../arm-none-eabi/lib/thumb/v7-m/nofp\libg.a(lib_a-__call_atexit.o)
                              e:/stm32cubemx/gcc-arm-none-eabi-10.3-2021.10-win32/gcc-arm-none-eabi-10.3-2021.10/bin/../lib/gcc/arm-none-eabi/10.3.1/../../../../arm-none-eabi/lib/thumb/v7-m/nofp\libg.a(lib_a-exit.o) (__call_exitprocs)
e:/stm32cubemx/gcc-arm-none-eabi-10.3-2021.10-win32/gcc-arm-none-eabi-10.3-2021.10/bin/../lib/gcc/arm-none-eabi/10.3.1/../../../../arm-none-eabi/lib/thumb/v7-m/nofp\libg.a(lib_a-atexit.o)
                              e:/stm32cubemx/gcc-arm-none-eabi-10.3-2021.10-win32/gcc-arm-none-eabi-10.3-2021.10/bin/../lib/gcc/arm-none-eabi/10.3.1/../../../../arm-none-eabi/lib/thumb/v7-m/nofp\libg.a(lib_a-__call_atexit.o) (atexit)
e:/stm32cubemx/gcc-arm-none-eabi-10.3-2021.10-win32/gcc-arm-none-eabi-10.3-2021.10/bin/../lib/gcc/arm-none-eabi/10.3.1/../../../../arm-none-eabi/lib/thumb/v7-m/nofp\libg.a(lib_a-fini.o)
                              e:/stm32cubemx/gcc-arm-none-eabi-10.3-2021.10-win32/gcc-arm-none-eabi-10.3-2021.10/bin/../lib/gcc/arm-none-eabi/10.3.1/../../../../arm-none-eabi/lib/thumb/v7-m/nofp\libg.a(lib_a-__call_atexit.o) (__libc_fini_array)
e:/stm32cubemx/gcc-arm-none-eabi-10.3-2021.10-win32/gcc-arm-none-eabi-10.3-2021.10/bin/../lib/gcc/arm-none-eabi/10.3.1/../../../../arm-none-eabi/lib/thumb/v7-m/nofp\libg.a(lib_a-lock.o)
                              e:/stm32cubemx/gcc-arm-none-eabi-10.3-2021.10-win32/gcc-arm-none-eabi-10.3-2021.10/bin/../lib/gcc/arm-none-eabi/10.3.1/../../../../arm-none-eabi/lib/thumb/v7-m/nofp\libg.a(lib_a-__call_atexit.o) (__retarget_lock_acquire_recursive)
e:/stm32cubemx/gcc-arm-none-eabi-10.3-2021.10-win32/gcc-arm-none-eabi-10.3-2021.10/bin/../lib/gcc/arm-none-eabi/10.3.1/../../../../arm-none-eabi/lib/thumb/v7-m/nofp\libg.a(lib_a-__atexit.o)
[...]
Memory Configuration

Name             Origin             Length             Attributes
RAM              0x20000000         0x00005000         xrw
FLASH            0x08000000         0x00010000         xr
*default*        0x00000000         0xffffffff

Linker script and memory map

LOAD e:/stm32cubemx/gcc-arm-none-eabi-10.3-2021.10-win32/gcc-arm-none-eabi-10.3-2021.10/bin/../lib/gcc/arm-none-eabi/10.3.1/thumb/v7-m/nofp/crti.o
LOAD e:/stm32cubemx/gcc-arm-none-eabi-10.3-2021.10-win32/gcc-arm-none-eabi-10.3-2021.10/bin/../lib/gcc/arm-none-eabi/10.3.1/thumb/v7-m/nofp/crtbegin.o
LOAD e:/stm32cubemx/gcc-arm-none-eabi-10.3-2021.10-win32/gcc-arm-none-eabi-10.3-2021.10/bin/../lib/gcc/arm-none-eabi/10.3.1/../../../../arm-none-eabi/lib/thumb/v7-m/nofp/crt0.o
LOAD CMakeFiles/test2.elf.dir/Core/Src/Motor.c.obj
LOAD CMakeFiles/test2.elf.dir/Core/Src/OLED.c.obj
LOAD CMakeFiles/test2.elf.dir/Core/Src/gpio.c.obj
LOAD CMakeFiles/test2.elf.dir/Core/Src/main.c.obj
LOAD CMakeFiles/test2.elf.dir/Core/Src/ps2.c.obj
LOAD CMakeFiles/test2.elf.dir/Core/Src/stm32f1xx_hal_msp.c.obj
LOAD CMakeFiles/test2.elf.dir/Core/Src/stm32f1xx_it.c.obj
LOAD CMakeFiles/test2.elf.dir/Core/Src/syscalls.c.obj
LOAD CMakeFiles/test2.elf.dir/Core/Src/system_stm32f1xx.c.obj
LOAD CMakeFiles/test2.elf.dir/Core/Src/tim.c.obj
LOAD CMakeFiles/test2.elf.dir/Drivers/STM32F1xx_HAL_Driver/Src/stm32f1xx_hal.c.obj
LOAD CMakeFiles/test2.elf.dir/Drivers/STM32F1xx_HAL_Driver/Src/stm32f1xx_hal_cortex.c.obj
LOAD CMakeFiles/test2.elf.dir/Drivers/STM32F1xx_HAL_Driver/Src/stm32f1xx_hal_dma.c.obj
LOAD CMakeFiles/test2.elf.dir/Drivers/STM32F1xx_HAL_Driver/Src/stm32f1xx_hal_exti.c.obj
LOAD CMakeFiles/test2.elf.dir/Drivers/STM32F1xx_HAL_Driver/Src/stm32f1xx_hal_flash.c.obj
LOAD CMakeFiles/test2.elf.dir/Drivers/STM32F1xx_HAL_Driver/Src/stm32f1xx_hal_flash_ex.c.obj
LOAD CMakeFiles/test2.elf.dir/Drivers/STM32F1xx_HAL_Driver/Src/stm32f1xx_hal_gpio.c.obj
LOAD CMakeFiles/test2.elf.dir/Drivers/STM32F1xx_HAL_Driver/Src/stm32f1xx_hal_gpio_ex.c.obj
LOAD CMakeFiles/test2.elf.dir/Drivers/STM32F1xx_HAL_Driver/Src/stm32f1xx_hal_pwr.c.obj
LOAD CMakeFiles/test2.elf.dir/Drivers/STM32F1xx_HAL_Driver/Src/stm32f1xx_hal_rcc.c.obj
LOAD CMakeFiles/test2.elf.dir/Drivers/STM32F1xx_HAL_Driver/Src/stm32f1xx_hal_rcc_ex.c.obj
LOAD CMakeFiles/test2.elf.dir/Drivers/STM32F1xx_HAL_Driver/Src/stm32f1xx_hal_tim.c.obj
LOAD CMakeFiles/test2.elf.dir/Drivers/STM32F1xx_HAL_Driver/Src/stm32f1xx_hal_tim_ex.c.obj
LOAD CMakeFiles/test2.elf.dir/startup/startup_stm32f103xb.s.obj
START GROUP
LOAD e:/stm32cubemx/gcc-arm-none-eabi-10.3-2021.10-win32/gcc-arm-none-eabi-10.3-2021.10/bin/../lib/gcc/arm-none-eabi/10.3.1/thumb/v7-m/nofp\libgcc.a
LOAD e:/stm32cubemx/gcc-arm-none-eabi-10.3-2021.10-win32/gcc-arm-none-eabi-10.3-2021.10/bin/../lib/gcc/arm-none-eabi/10.3.1/../../../../arm-none-eabi/lib/thumb/v7-m/nofp\libg.a
LOAD e:/stm32cubemx/gcc-arm-none-eabi-10.3-2021.10-win32/gcc-arm-none-eabi-10.3-2021.10/bin/../lib/gcc/arm-none-eabi/10.3.1/../../../../arm-none-eabi/lib/thumb/v7-m/nofp\libc.a
END GROUP
LOAD e:/stm32cubemx/gcc-arm-none-eabi-10.3-2021.10-win32/gcc-arm-none-eabi-10.3-2021.10/bin/../lib/gcc/arm-none-eabi/10.3.1/thumb/v7-m/nofp/crtend.o
LOAD e:/stm32cubemx/gcc-arm-none-eabi-10.3-2021.10-win32/gcc-arm-none-eabi-10.3-2021.10/bin/../lib/gcc/arm-none-eabi/10.3.1/thumb/v7-m/nofp/crtn.o
                0x20005000                _estack = (ORIGIN (RAM) + LENGTH (RAM))
                0x00000200                _Min_Heap_Size = 0x200
                0x00000400                _Min_Stack_Size = 0x400

.isr_vector     0x08000000      0x10c
                0x08000000                . = ALIGN (0x4)
 *(.isr_vector)
 .isr_vector    0x08000000      0x10c CMakeFiles/test2.elf.dir/startup/startup_stm32f103xb.s.obj
                0x08000000                g_pfnVectors
                0x0800010c                . = ALIGN (0x4)

.text           0x0800010c     0x2494
                0x0800010c                . = ALIGN (0x4)
 *(.text)
 .text          0x0800010c       0x40 e:/stm32cubemx/gcc-arm-none-eabi-10.3-2021.10-win32/gcc-arm-none-eabi-10.3-2021.10/bin/../lib/gcc/arm-none-eabi/10.3.1/thumb/v7-m/nofp/crtbegin.o
 .text          0x0800014c      0x21c e:/stm32cubemx/gcc-arm-none-eabi-10.3-2021.10-win32/gcc-arm-none-eabi-10.3-2021.10/bin/../lib/gcc/arm-none-eabi/10.3.1/thumb/v7-m/nofp\libgcc.a(_arm_addsubsf3.o)
                0x0800014c                __aeabi_frsub
                0x08000154                __subsf3
                0x08000154                __aeabi_fsub
                0x08000158                __aeabi_fadd
                0x08000158                __addsf3
                0x080002b8                __aeabi_ui2f
                0x080002b8                __floatunsisf
                0x080002c0                __aeabi_i2f
                0x080002c0                __floatsisf
                0x080002dc                __aeabi_ul2f
                0x080002dc                __floatundisf
                0x080002ec                __aeabi_l2f
                0x080002ec                __floatdisf
 .text          0x08000368      0x2a0 e:/stm32cubemx/gcc-arm-none-eabi-10.3-2021.10-win32/gcc-arm-none-eabi-10.3-2021.10/bin/../lib/gcc/arm-none-eabi/10.3.1/thumb/v7-m/nofp\libgcc.a(_arm_muldivsf3.o)
                0x08000368                __mulsf3
                0x08000368                __aeabi_fmul
                0x080004d0                __aeabi_fdiv
                0x080004d0                __divsf3
 .text          0x08000608       0x40 e:/stm32cubemx/gcc-arm-none-eabi-10.3-2021.10-win32/gcc-arm-none-eabi-10.3-2021.10/bin/../lib/gcc/arm-none-eabi/10.3.1/thumb/v7-m/nofp\libgcc.a(_arm_fixunssfsi.o)
                0x08000608                __fixunssfsi
                0x08000608                __aeabi_f2uiz
 *(.text*)
 .text.Motor_Init
                0x08000648       0x38 CMakeFiles/test2.elf.dir/Core/Src/Motor.c.obj
                0x08000648                Motor_Init
 .text.Motor1_SetSpeed
                0x08000680       0x28 CMakeFiles/test2.elf.dir/Core/Src/Motor.c.obj
                0x08000680                Motor1_SetSpeed
 .text.Motor2_SetSpeed
                0x080006a8       0x28 CMakeFiles/test2.elf.dir/Core/Src/Motor.c.obj
                0x080006a8                Motor2_SetSpeed
 .text.Car_Stop
                0x080006d0       0x14 CMakeFiles/test2.elf.dir/Core/Src/Motor.c.obj
                0x080006d0                Car_Stop
 .text.Car_Forward
                0x080006e4       0x16 CMakeFiles/test2.elf.dir/Core/Src/Motor.c.obj
                0x080006e4                Car_Forward
 .text.Car_Backward
                0x080006fa       0x16 CMakeFiles/test2.elf.dir/Core/Src/Motor.c.obj
                0x080006fa                Car_Backward
 .text.Car_TurnLeft
                0x08000710       0x16 CMakeFiles/test2.elf.dir/Core/Src/Motor.c.obj
                0x08000710                Car_TurnLeft
 .text.Car_TurnRight
                0x08000726       0x16 CMakeFiles/test2.elf.dir/Core/Src/Motor.c.obj
                0x08000726                Car_TurnRight
 .text.OLED_W_SCL
                0x0800073c       0x14 CMakeFiles/test2.elf.dir/Core/Src/OLED.c.obj
                0x0800073c                OLED_W_SCL
 .text.OLED_W_SDA
                0x08000750       0x14 CMakeFiles/test2.elf.dir/Core/Src/OLED.c.obj
                0x08000750                OLED_W_SDA
 .text.OLED_I2C_Init
                0x08000764       0x14 CMakeFiles/test2.elf.dir/Core/Src/OLED.c.obj
                0x08000764                OLED_I2C_Init
 .text.OLED_I2C_Start
                0x08000778       0x1c CMakeFiles/test2.elf.dir/Core/Src/OLED.c.obj
                0x08000778                OLED_I2C_Start
 .text.OLED_I2C_Stop
                0x08000794       0x16 CMakeFiles/test2.elf.dir/Core/Src/OLED.c.obj
                0x08000794                OLED_I2C_Stop
 .text.OLED_I2C_SendByte
                0x080007aa       0x34 CMakeFiles/test2.elf.dir/Core/Src/OLED.c.obj
                0x080007aa                OLED_I2C_SendByte
 .text.OLED_WriteCommand
                0x080007de       0x20 CMakeFiles/test2.elf.dir/Core/Src/OLED.c.obj
                0x080007de                OLED_WriteCommand
 .text.OLED_WriteData
                0x080007fe       0x20 CMakeFiles/test2.elf.dir/Core/Src/OLED.c.obj
                0x080007fe                OLED_WriteData
 .text.OLED_SetCursor
                0x0800081e       0x20 CMakeFiles/test2.elf.dir/Core/Src/OLED.c.obj
                0x0800081e                OLED_SetCursor
 .text.OLED_Clear
                0x0800083e       0x2c CMakeFiles/test2.elf.dir/Core/Src/OLED.c.obj
                0x0800083e                OLED_Clear
 *fill*         0x0800086a        0x2 
 .text.OLED_ShowChar
                0x0800086c       0x64 CMakeFiles/test2.elf.dir/Core/Src/OLED.c.obj
                0x0800086c                OLED_ShowChar
 .text.OLED_Pow
                0x080008d0       0x14 CMakeFiles/test2.elf.dir/Core/Src/OLED.c.obj
                0x080008d0                OLED_Pow
 .text.OLED_ShowHexNum
                0x080008e4       0x4c CMakeFiles/test2.elf.dir/Core/Src/OLED.c.obj
                0x080008e4                OLED_ShowHexNum
 .text.OLED_Init
                0x08000930       0xae CMakeFiles/test2.elf.dir/Core/Src/OLED.c.obj
                0x08000930                OLED_Init
 *fill*         0x080009de        0x2 
 .text.MX_GPIO_Init
                0x080009e0      0x140 CMakeFiles/test2.elf.dir/Core/Src/gpio.c.obj
                0x080009e0                MX_GPIO_Init
 .text.GetCCRFromAngle
                0x08000b20       0x28 CMakeFiles/test2.elf.dir/Core/Src/main.c.obj
                0x08000b20                GetCCRFromAngle
 .text.Error_Handler
                0x08000b48        0x4 CMakeFiles/test2.elf.dir/Core/Src/main.c.obj
                0x08000b48                Error_Handler
 .text.SystemClock_Config
                0x08000b4c       0x64 CMakeFiles/test2.elf.dir/Core/Src/main.c.obj
                0x08000b4c                SystemClock_Config
 .text.main     0x08000bb0       0xd4 CMakeFiles/test2.elf.dir/Core/Src/main.c.obj
                0x08000bb0                main
 .text.delay_us
                0x08000c84       0x24 CMakeFiles/test2.elf.dir/Core/Src/ps2.c.obj
                0x08000c84                delay_us
 .text.PS2_CS   0x08000ca8       0x20 CMakeFiles/test2.elf.dir/Core/Src/ps2.c.obj
                0x08000ca8                PS2_CS
 .text.PS2_CLK  0x08000cc8       0x20 CMakeFiles/test2.elf.dir/Core/Src/ps2.c.obj
                0x08000cc8                PS2_CLK
 .text.PS2_DO   0x08000ce8       0x20 CMakeFiles/test2.elf.dir/Core/Src/ps2.c.obj
                0x08000ce8                PS2_DO
 .text.PS2_Read_DI
                0x08000d08       0x10 CMakeFiles/test2.elf.dir/Core/Src/ps2.c.obj
                0x08000d08                PS2_Read_DI
 .text.PS2_ReadWrite_Byte
                0x08000d18       0x5a CMakeFiles/test2.elf.dir/Core/Src/ps2.c.obj
                0x08000d18                PS2_ReadWrite_Byte
 *fill*         0x08000d72        0x2 
 .text.PS2_Decode
                0x08000d74      0x11c CMakeFiles/test2.elf.dir/Core/Src/ps2.c.obj
                0x08000d74                PS2_Decode
 .text.PS2_Read_Data
                0x08000e90       0x40 CMakeFiles/test2.elf.dir/Core/Src/ps2.c.obj
                0x08000e90                PS2_Read_Data
 .text.HAL_MspInit
                0x08000ed0       0x44 CMakeFiles/test2.elf.dir/Core/Src/stm32f1xx_hal_msp.c.obj
                0x08000ed0                HAL_MspInit
 .text.NMI_Handler
                0x08000f14        0x2 CMakeFiles/test2.elf.dir/Core/Src/stm32f1xx_it.c.obj
                0x08000f14                NMI_Handler
 .text.HardFault_Handler
                0x08000f16        0x2 CMakeFiles/test2.elf.dir/Core/Src/stm32f1xx_it.c.obj
                0x08000f16                HardFault_Handler
 .text.MemManage_Handler
                0x08000f18        0x2 CMakeFiles/test2.elf.dir/Core/Src/stm32f1xx_it.c.obj
                0x08000f18                MemManage_Handler
 .text.BusFault_Handler
                0x08000f1a        0x2 CMakeFiles/test2.elf.dir/Core/Src/stm32f1xx_it.c.obj
                0x08000f1a                BusFault_Handler
 .text.UsageFault_Handler
                0x08000f1c        0x2 CMakeFiles/test2.elf.dir/Core/Src/stm32f1xx_it.c.obj
                0x08000f1c                UsageFault_Handler
 .text.SVC_Handler
                0x08000f1e        0x2 CMakeFiles/test2.elf.dir/Core/Src/stm32f1xx_it.c.obj
                0x08000f1e                SVC_Handler
 .text.DebugMon_Handler
                0x08000f20        0x2 CMakeFiles/test2.elf.dir/Core/Src/stm32f1xx_it.c.obj
                0x08000f20                DebugMon_Handler
 .text.PendSV_Handler
                0x08000f22        0x2 CMakeFiles/test2.elf.dir/Core/Src/stm32f1xx_it.c.obj
                0x08000f22                PendSV_Handler
 .text.SysTick_Handler
                0x08000f24        0x8 CMakeFiles/test2.elf.dir/Core/Src/stm32f1xx_it.c.obj
                0x08000f24                SysTick_Handler
 .text.EXTI2_IRQHandler
                0x08000f2c       0x34 CMakeFiles/test2.elf.dir/Core/Src/stm32f1xx_it.c.obj
                0x08000f2c                EXTI2_IRQHandler
 .text.EXTI3_IRQHandler
                0x08000f60       0x34 CMakeFiles/test2.elf.dir/Core/Src/stm32f1xx_it.c.obj
                0x08000f60                EXTI3_IRQHandler
 .text.SystemInit
                0x08000f94        0x2 CMakeFiles/test2.elf.dir/Core/Src/system_stm32f1xx.c.obj
                0x08000f94                SystemInit
 *fill*         0x08000f96        0x2 
 .text.HAL_TIM_Base_MspInit
                0x08000f98       0x2c CMakeFiles/test2.elf.dir/Core/Src/tim.c.obj
                0x08000f98                HAL_TIM_Base_MspInit
 .text.HAL_TIM_PWM_MspInit
                0x08000fc4       0x4c CMakeFiles/test2.elf.dir/Core/Src/tim.c.obj
                0x08000fc4                HAL_TIM_PWM_MspInit
 .text.HAL_TIM_MspPostInit
                0x08001010       0xd0 CMakeFiles/test2.elf.dir/Core/Src/tim.c.obj
                0x08001010                HAL_TIM_MspPostInit
 .text.MX_TIM1_Init
                0x080010e0       0xfc CMakeFiles/test2.elf.dir/Core/Src/tim.c.obj
                0x080010e0                MX_TIM1_Init
 .text.MX_TIM2_Init
                0x080011dc       0x9c CMakeFiles/test2.elf.dir/Core/Src/tim.c.obj
                0x080011dc                MX_TIM2_Init
 .text.MX_TIM3_Init
                0x08001278       0x80 CMakeFiles/test2.elf.dir/Core/Src/tim.c.obj
                0x08001278                MX_TIM3_Init
 .text.HAL_InitTick
                0x080012f8       0x4c CMakeFiles/test2.elf.dir/Drivers/STM32F1xx_HAL_Driver/Src/stm32f1xx_hal.c.obj
                0x080012f8                HAL_InitTick
 .text.HAL_Init
                0x08001344       0x24 CMakeFiles/test2.elf.dir/Drivers/STM32F1xx_HAL_Driver/Src/stm32f1xx_hal.c.obj
                0x08001344                HAL_Init
 .text.HAL_IncTick
                0x08001368       0x18 CMakeFiles/test2.elf.dir/Drivers/STM32F1xx_HAL_Driver/Src/stm32f1xx_hal.c.obj
                0x08001368                HAL_IncTick
 .text.HAL_GetTick
                0x08001380        0xc CMakeFiles/test2.elf.dir/Drivers/STM32F1xx_HAL_Driver/Src/stm32f1xx_hal.c.obj
                0x08001380                HAL_GetTick
 .text.HAL_NVIC_SetPriorityGrouping
                0x0800138c       0x24 CMakeFiles/test2.elf.dir/Drivers/STM32F1xx_HAL_Driver/Src/stm32f1xx_hal_cortex.c.obj
                0x0800138c                HAL_NVIC_SetPriorityGrouping
 .text.HAL_NVIC_SetPriority
                0x080013b0       0x70 CMakeFiles/test2.elf.dir/Drivers/STM32F1xx_HAL_Driver/Src/stm32f1xx_hal_cortex.c.obj
                0x080013b0                HAL_NVIC_SetPriority
 .text.HAL_NVIC_EnableIRQ
                0x08001420       0x1c CMakeFiles/test2.elf.dir/Drivers/STM32F1xx_HAL_Driver/Src/stm32f1xx_hal_cortex.c.obj
                0x08001420                HAL_NVIC_EnableIRQ
 .text.HAL_SYSTICK_Config
                0x0800143c       0x28 CMakeFiles/test2.elf.dir/Drivers/STM32F1xx_HAL_Driver/Src/stm32f1xx_hal_cortex.c.obj
                0x0800143c                HAL_SYSTICK_Config
 .text.HAL_GPIO_Init
                0x08001464      0x224 CMakeFiles/test2.elf.dir/Drivers/STM32F1xx_HAL_Driver/Src/stm32f1xx_hal_gpio.c.obj
                0x08001464                HAL_GPIO_Init
 .text.HAL_GPIO_ReadPin
                0x08001688        0xe CMakeFiles/test2.elf.dir/Drivers/STM32F1xx_HAL_Driver/Src/stm32f1xx_hal_gpio.c.obj
                0x08001688                HAL_GPIO_ReadPin
 .text.HAL_GPIO_WritePin
                0x08001696        0xc CMakeFiles/test2.elf.dir/Drivers/STM32F1xx_HAL_Driver/Src/stm32f1xx_hal_gpio.c.obj
                0x08001696                HAL_GPIO_WritePin
 .text.HAL_GPIO_EXTI_Callback
                0x080016a2        0x2 CMakeFiles/test2.elf.dir/Drivers/STM32F1xx_HAL_Driver/Src/stm32f1xx_hal_gpio.c.obj
                0x080016a2                HAL_GPIO_EXTI_Callback
 .text.HAL_GPIO_EXTI_IRQHandler
                0x080016a4       0x1c CMakeFiles/test2.elf.dir/Drivers/STM32F1xx_HAL_Driver/Src/stm32f1xx_hal_gpio.c.obj
                0x080016a4                HAL_GPIO_EXTI_IRQHandler
 .text.RCC_Delay
                0x080016c0       0x2c CMakeFiles/test2.elf.dir/Drivers/STM32F1xx_HAL_Driver/Src/stm32f1xx_hal_rcc.c.obj
 .text.HAL_RCC_OscConfig
                0x080016ec      0x410 CMakeFiles/test2.elf.dir/Drivers/STM32F1xx_HAL_Driver/Src/stm32f1xx_hal_rcc.c.obj
                0x080016ec                HAL_RCC_OscConfig
 .text.HAL_RCC_GetSysClockFreq
                0x08001afc       0x54 CMakeFiles/test2.elf.dir/Drivers/STM32F1xx_HAL_Driver/Src/stm32f1xx_hal_rcc.c.obj
                0x08001afc                HAL_RCC_GetSysClockFreq
 .text.HAL_RCC_ClockConfig
                0x08001b50      0x16c CMakeFiles/test2.elf.dir/Drivers/STM32F1xx_HAL_Driver/Src/stm32f1xx_hal_rcc.c.obj
                0x08001b50                HAL_RCC_ClockConfig
 .text.HAL_RCC_GetHCLKFreq
                0x08001cbc        0xc CMakeFiles/test2.elf.dir/Drivers/STM32F1xx_HAL_Driver/Src/stm32f1xx_hal_rcc.c.obj
                0x08001cbc                HAL_RCC_GetHCLKFreq
 .text.TIM_OC1_SetConfig
                0x08001cc8       0x5c CMakeFiles/test2.elf.dir/Drivers/STM32F1xx_HAL_Driver/Src/stm32f1xx_hal_tim.c.obj
 .text.TIM_OC3_SetConfig
                0x08001d24       0x64 CMakeFiles/test2.elf.dir/Drivers/STM32F1xx_HAL_Driver/Src/stm32f1xx_hal_tim.c.obj
 .text.TIM_OC4_SetConfig
                0x08001d88       0x48 CMakeFiles/test2.elf.dir/Drivers/STM32F1xx_HAL_Driver/Src/stm32f1xx_hal_tim.c.obj
 .text.TIM_TI1_ConfigInputStage
                0x08001dd0       0x24 CMakeFiles/test2.elf.dir/Drivers/STM32F1xx_HAL_Driver/Src/stm32f1xx_hal_tim.c.obj
 .text.TIM_TI2_ConfigInputStage
                0x08001df4       0x26 CMakeFiles/test2.elf.dir/Drivers/STM32F1xx_HAL_Driver/Src/stm32f1xx_hal_tim.c.obj
 .text.TIM_ITRx_SetConfig
                0x08001e1a       0x10 CMakeFiles/test2.elf.dir/Drivers/STM32F1xx_HAL_Driver/Src/stm32f1xx_hal_tim.c.obj
 *fill*         0x08001e2a        0x2 
 .text.TIM_Base_SetConfig
                0x08001e2c       0x84 CMakeFiles/test2.elf.dir/Drivers/STM32F1xx_HAL_Driver/Src/stm32f1xx_hal_tim.c.obj
                0x08001e2c                TIM_Base_SetConfig
 .text.HAL_TIM_Base_Init
                0x08001eb0       0x58 CMakeFiles/test2.elf.dir/Drivers/STM32F1xx_HAL_Driver/Src/stm32f1xx_hal_tim.c.obj
                0x08001eb0                HAL_TIM_Base_Init
 .text.HAL_TIM_PWM_Init
                0x08001f08       0x58 CMakeFiles/test2.elf.dir/Drivers/STM32F1xx_HAL_Driver/Src/stm32f1xx_hal_tim.c.obj
                0x08001f08                HAL_TIM_PWM_Init
 .text.TIM_OC2_SetConfig
                0x08001f60       0x64 CMakeFiles/test2.elf.dir/Drivers/STM32F1xx_HAL_Driver/Src/stm32f1xx_hal_tim.c.obj
                0x08001f60                TIM_OC2_SetConfig
 .text.HAL_TIM_PWM_ConfigChannel
                0x08001fc4       0xdc CMakeFiles/test2.elf.dir/Drivers/STM32F1xx_HAL_Driver/Src/stm32f1xx_hal_tim.c.obj
                0x08001fc4                HAL_TIM_PWM_ConfigChannel
 .text.TIM_ETR_SetConfig
                0x080020a0       0x18 CMakeFiles/test2.elf.dir/Drivers/STM32F1xx_HAL_Driver/Src/stm32f1xx_hal_tim.c.obj
                0x080020a0                TIM_ETR_SetConfig
 .text.HAL_TIM_ConfigClockSource
                0x080020b8       0xfe CMakeFiles/test2.elf.dir/Drivers/STM32F1xx_HAL_Driver/Src/stm32f1xx_hal_tim.c.obj
                0x080020b8                HAL_TIM_ConfigClockSource
 .text.TIM_CCxChannelCmd
                0x080021b6       0x1e CMakeFiles/test2.elf.dir/Drivers/STM32F1xx_HAL_Driver/Src/stm32f1xx_hal_tim.c.obj
                0x080021b6                TIM_CCxChannelCmd
 .text.HAL_TIM_PWM_Start
                0x080021d4       0xdc CMakeFiles/test2.elf.dir/Drivers/STM32F1xx_HAL_Driver/Src/stm32f1xx_hal_tim.c.obj
                0x080021d4                HAL_TIM_PWM_Start
 .text.HAL_TIMEx_MasterConfigSynchronization
                0x080022b0       0x6c CMakeFiles/test2.elf.dir/Drivers/STM32F1xx_HAL_Driver/Src/stm32f1xx_hal_tim_ex.c.obj
                0x080022b0                HAL_TIMEx_MasterConfigSynchronization
 .text.HAL_TIMEx_ConfigBreakDeadTime
                0x0800231c       0x52 CMakeFiles/test2.elf.dir/Drivers/STM32F1xx_HAL_Driver/Src/stm32f1xx_hal_tim_ex.c.obj
                0x0800231c                HAL_TIMEx_ConfigBreakDeadTime
 *fill*         0x0800236e        0x2 
 .text.Reset_Handler
                0x08002370       0x48 CMakeFiles/test2.elf.dir/startup/startup_stm32f103xb.s.obj
                0x08002370                Reset_Handler
 .text.Default_Handler
                0x080023b8        0x2 CMakeFiles/test2.elf.dir/startup/startup_stm32f103xb.s.obj
                0x080023b8                RTC_Alarm_IRQHandler
                0x080023b8                TIM1_CC_IRQHandler
                0x080023b8                PVD_IRQHandler
                0x080023b8                EXTI0_IRQHandler
                0x080023b8                I2C2_EV_IRQHandler
                0x080023b8                ADC1_2_IRQHandler
                0x080023b8                SPI1_IRQHandler
                0x080023b8                TAMPER_IRQHandler
                0x080023b8                DMA1_Channel4_IRQHandler
                0x080023b8                USART3_IRQHandler
                0x080023b8                RTC_IRQHandler
                0x080023b8                DMA1_Channel7_IRQHandler
                0x080023b8                CAN1_RX1_IRQHandler
                0x080023b8                TIM4_IRQHandler
                0x080023b8                I2C1_EV_IRQHandler
                0x080023b8                DMA1_Channel6_IRQHandler
                0x080023b8                TIM3_IRQHandler
                0x080023b8                RCC_IRQHandler
                0x080023b8                TIM1_TRG_COM_IRQHandler
                0x080023b8                DMA1_Channel1_IRQHandler
                0x080023b8                Default_Handler
                0x080023b8                EXTI15_10_IRQHandler
                0x080023b8                EXTI9_5_IRQHandler
                0x080023b8                SPI2_IRQHandler
                0x080023b8                DMA1_Channel5_IRQHandler
                0x080023b8                EXTI4_IRQHandler
                0x080023b8                USB_LP_CAN1_RX0_IRQHandler
                0x080023b8                USB_HP_CAN1_TX_IRQHandler
                0x080023b8                DMA1_Channel3_IRQHandler
                0x080023b8                TIM1_UP_IRQHandler
                0x080023b8                WWDG_IRQHandler
                0x080023b8                TIM2_IRQHandler
                0x080023b8                TIM1_BRK_IRQHandler
                0x080023b8                EXTI1_IRQHandler
                0x080023b8                USART2_IRQHandler
                0x080023b8                I2C2_ER_IRQHandler
                0x080023b8                DMA1_Channel2_IRQHandler
                0x080023b8                CAN1_SCE_IRQHandler
                0x080023b8                FLASH_IRQHandler
                0x080023b8                USART1_IRQHandler
                0x080023b8                I2C1_ER_IRQHandler
                0x080023b8                USBWakeUp_IRQHandler
 *fill*         0x080023ba        0x2 
 .text.__libc_init_array
                0x080023bc       0x48 e:/stm32cubemx/gcc-arm-none-eabi-10.3-2021.10-win32/gcc-arm-none-eabi-10.3-2021.10/bin/../lib/gcc/arm-none-eabi/10.3.1/../../../../arm-none-eabi/lib/thumb/v7-m/nofp\libg.a(lib_a-init.o)
                0x080023bc                __libc_init_array
 .text.memset   0x08002404       0xa4 e:/stm32cubemx/gcc-arm-none-eabi-10.3-2021.10-win32/gcc-arm-none-eabi-10.3-2021.10/bin/../lib/gcc/arm-none-eabi/10.3.1/../../../../arm-none-eabi/lib/thumb/v7-m/nofp\libg.a(lib_a-memset.o)
                0x08002404                memset
 .text.startup.register_fini
                0x080024a8       0x14 e:/stm32cubemx/gcc-arm-none-eabi-10.3-2021.10-win32/gcc-arm-none-eabi-10.3-2021.10/bin/../lib/gcc/arm-none-eabi/10.3.1/../../../../arm-none-eabi/lib/thumb/v7-m/nofp\libg.a(lib_a-__call_atexit.o)
 .text.atexit   0x080024bc        0xc e:/stm32cubemx/gcc-arm-none-eabi-10.3-2021.10-win32/gcc-arm-none-eabi-10.3-2021.10/bin/../lib/gcc/arm-none-eabi/10.3.1/../../../../arm-none-eabi/lib/thumb/v7-m/nofp\libg.a(lib_a-atexit.o)
                0x080024bc                atexit
 .text.__libc_fini_array
                0x080024c8       0x2c e:/stm32cubemx/gcc-arm-none-eabi-10.3-2021.10-win32/gcc-arm-none-eabi-10.3-2021.10/bin/../lib/gcc/arm-none-eabi/10.3.1/../../../../arm-none-eabi/lib/thumb/v7-m/nofp\libg.a(lib_a-fini.o)
                0x080024c8                __libc_fini_array
 .text.__retarget_lock_acquire_recursive
                0x080024f4        0x4 e:/stm32cubemx/gcc-arm-none-eabi-10.3-2021.10-win32/gcc-arm-none-eabi-10.3-2021.10/bin/../lib/gcc/arm-none-eabi/10.3.1/../../../../arm-none-eabi/lib/thumb/v7-m/nofp\libg.a(lib_a-lock.o)
                0x080024f4                __retarget_lock_acquire_recursive
 .text.__retarget_lock_release_recursive
                0x080024f8        0x4 e:/stm32cubemx/gcc-arm-none-eabi-10.3-2021.10-win32/gcc-arm-none-eabi-10.3-2021.10/bin/../lib/gcc/arm-none-eabi/10.3.1/../../../../arm-none-eabi/lib/thumb/v7-m/nofp\libg.a(lib_a-lock.o)
                0x080024f8                __retarget_lock_release_recursive
 .text.__register_exitproc
                0x080024fc       0x8c e:/stm32cubemx/gcc-arm-none-eabi-10.3-2021.10-win32/gcc-arm-none-eabi-10.3-2021.10/bin/../lib/gcc/arm-none-eabi/10.3.1/../../../../arm-none-eabi/lib/thumb/v7-m/nofp\libg.a(lib_a-__atexit.o)
                0x080024fc                __register_exitproc
 *(.glue_7)
 .glue_7        0x08002588        0x0 linker stubs
 *(.glue_7t)
 .glue_7t       0x08002588        0x0 linker stubs
 *(.eh_frame)
 .eh_frame      0x08002588        0x0 e:/stm32cubemx/gcc-arm-none-eabi-10.3-2021.10-win32/gcc-arm-none-eabi-10.3-2021.10/bin/../lib/gcc/arm-none-eabi/10.3.1/thumb/v7-m/nofp/crtbegin.o
 *(.init)
 .init          0x08002588        0x4 e:/stm32cubemx/gcc-arm-none-eabi-10.3-2021.10-win32/gcc-arm-none-eabi-10.3-2021.10/bin/../lib/gcc/arm-none-eabi/10.3.1/thumb/v7-m/nofp/crti.o
                0x08002588                _init
 .init          0x0800258c        0x8 e:/stm32cubemx/gcc-arm-none-eabi-10.3-2021.10-win32/gcc-arm-none-eabi-10.3-2021.10/bin/../lib/gcc/arm-none-eabi/10.3.1/thumb/v7-m/nofp/crtn.o
 *(.fini)
 .fini          0x08002594        0x4 e:/stm32cubemx/gcc-arm-none-eabi-10.3-2021.10-win32/gcc-arm-none-eabi-10.3-2021.10/bin/../lib/gcc/arm-none-eabi/10.3.1/thumb/v7-m/nofp/crti.o
                0x08002594                _fini
 .fini          0x08002598        0x8 e:/stm32cubemx/gcc-arm-none-eabi-10.3-2021.10-win32/gcc-arm-none-eabi-10.3-2021.10/bin/../lib/gcc/arm-none-eabi/10.3.1/thumb/v7-m/nofp/crtn.o
                0x080025a0                . = ALIGN (0x4)
                0x080025a0                _etext = .

.vfp11_veneer   0x080025a0        0x0
 .vfp11_veneer  0x080025a0        0x0 linker stubs

.v4_bx          0x080025a0        0x0
 .v4_bx         0x080025a0        0x0 linker stubs

.iplt           0x080025a0        0x0
 .iplt          0x080025a0        0x0 e:/stm32cubemx/gcc-arm-none-eabi-10.3-2021.10-win32/gcc-arm-none-eabi-10.3-2021.10/bin/../lib/gcc/arm-none-eabi/10.3.1/thumb/v7-m/nofp/crtbegin.o

.rodata         0x080025a0      0x618
                0x080025a0                . = ALIGN (0x4)
 *(.rodata)
 *(.rodata*)
 .rodata.OLED_F8x16
                0x080025a0      0x5f0 CMakeFiles/test2.elf.dir/Core/Src/OLED.c.obj
                0x080025a0                OLED_F8x16
 .rodata.AHBPrescTable
                0x08002b90       0x10 CMakeFiles/test2.elf.dir/Core/Src/system_stm32f1xx.c.obj
                0x08002b90                AHBPrescTable
 .rodata.aPLLMULFactorTable.1
                0x08002ba0       0x10 CMakeFiles/test2.elf.dir/Drivers/STM32F1xx_HAL_Driver/Src/stm32f1xx_hal_rcc.c.obj
 .rodata.aPredivFactorTable.0
                0x08002bb0        0x2 CMakeFiles/test2.elf.dir/Drivers/STM32F1xx_HAL_Driver/Src/stm32f1xx_hal_rcc.c.obj
 *fill*         0x08002bb2        0x2 
 .rodata._global_impure_ptr
                0x08002bb4        0x4 e:/stm32cubemx/gcc-arm-none-eabi-10.3-2021.10-win32/gcc-arm-none-eabi-10.3-2021.10/bin/../lib/gcc/arm-none-eabi/10.3.1/../../../../arm-none-eabi/lib/thumb/v7-m/nofp\libg.a(lib_a-impure.o)
                0x08002bb4                _global_impure_ptr
                0x08002bb8                . = ALIGN (0x4)

.rel.dyn        0x08002bb8        0x0
 .rel.iplt      0x08002bb8        0x0 e:/stm32cubemx/gcc-arm-none-eabi-10.3-2021.10-win32/gcc-arm-none-eabi-10.3-2021.10/bin/../lib/gcc/arm-none-eabi/10.3.1/thumb/v7-m/nofp/crtbegin.o

.ARM.extab
 *(.ARM.extab* .gnu.linkonce.armextab.*)

.ARM            0x08002bb8        0x0
                0x08002bb8                __exidx_start = .
 *(.ARM.exidx*)
                0x08002bb8                __exidx_end = .

.preinit_array  0x08002bb8        0x0
                0x08002bb8                PROVIDE (__preinit_array_start = .)
 *(.preinit_array*)
                0x08002bb8                PROVIDE (__preinit_array_end = .)

.init_array     0x08002bb8        0x8
                0x08002bb8                PROVIDE (__init_array_start = .)
 *(SORT_BY_NAME(.init_array.*))
 .init_array.00000
                0x08002bb8        0x4 e:/stm32cubemx/gcc-arm-none-eabi-10.3-2021.10-win32/gcc-arm-none-eabi-10.3-2021.10/bin/../lib/gcc/arm-none-eabi/10.3.1/../../../../arm-none-eabi/lib/thumb/v7-m/nofp\libg.a(lib_a-__call_atexit.o)
 *(.init_array*)
 .init_array    0x08002bbc        0x4 e:/stm32cubemx/gcc-arm-none-eabi-10.3-2021.10-win32/gcc-arm-none-eabi-10.3-2021.10/bin/../lib/gcc/arm-none-eabi/10.3.1/thumb/v7-m/nofp/crtbegin.o
                0x08002bc0                PROVIDE (__init_array_end = .)

.fini_array     0x08002bc0        0x4
                0x08002bc0                PROVIDE (__fini_array_start = .)
 *(SORT_BY_NAME(.fini_array.*))
 *(.fini_array*)
 .fini_array    0x08002bc0        0x4 e:/stm32cubemx/gcc-arm-none-eabi-10.3-2021.10-win32/gcc-arm-none-eabi-10.3-2021.10/bin/../lib/gcc/arm-none-eabi/10.3.1/thumb/v7-m/nofp/crtbegin.o
                0x08002bc4                PROVIDE (__fini_array_end = .)
                0x08002bc4                _sidata = LOADADDR (.data)

.data           0x20000000      0x43c load address 0x08002bc4
                0x20000000                . = ALIGN (0x4)
                0x20000000                _sdata = .
 *(.data)
 *(.data*)
 .data.SystemCoreClock
                0x20000000        0x4 CMakeFiles/test2.elf.dir/Core/Src/system_stm32f1xx.c.obj
                0x20000000                SystemCoreClock
 .data.uwTickFreq
                0x20000004        0x1 CMakeFiles/test2.elf.dir/Drivers/STM32F1xx_HAL_Driver/Src/stm32f1xx_hal.c.obj
                0x20000004                uwTickFreq
 *fill*         0x20000005        0x3 
 .data.uwTickPrio
                0x20000008        0x4 CMakeFiles/test2.elf.dir/Drivers/STM32F1xx_HAL_Driver/Src/stm32f1xx_hal.c.obj
                0x20000008                uwTickPrio
 *fill*         0x2000000c        0x4 
 .data.impure_data
                0x20000010      0x428 e:/stm32cubemx/gcc-arm-none-eabi-10.3-2021.10-win32/gcc-arm-none-eabi-10.3-2021.10/bin/../lib/gcc/arm-none-eabi/10.3.1/../../../../arm-none-eabi/lib/thumb/v7-m/nofp\libg.a(lib_a-impure.o)
 .data.__atexit_recursive_mutex
                0x20000438        0x4 e:/stm32cubemx/gcc-arm-none-eabi-10.3-2021.10-win32/gcc-arm-none-eabi-10.3-2021.10/bin/../lib/gcc/arm-none-eabi/10.3.1/../../../../arm-none-eabi/lib/thumb/v7-m/nofp\libg.a(lib_a-__call_atexit.o)
                0x20000438                __atexit_recursive_mutex
                0x2000043c                . = ALIGN (0x4)
                0x2000043c                _edata = .

.igot.plt       0x2000043c        0x0 load address 0x08003000
 .igot.plt      0x2000043c        0x0 e:/stm32cubemx/gcc-arm-none-eabi-10.3-2021.10-win32/gcc-arm-none-eabi-10.3-2021.10/bin/../lib/gcc/arm-none-eabi/10.3.1/thumb/v7-m/nofp/crtbegin.o
                0x2000043c                . = ALIGN (0x4)

.bss            0x2000043c      0x120 load address 0x08003000
                0x2000043c                _sbss = .
                0x2000043c                __bss_start__ = _sbss
 *(.bss)
 .bss           0x2000043c       0x1c e:/stm32cubemx/gcc-arm-none-eabi-10.3-2021.10-win32/gcc-arm-none-eabi-10.3-2021.10/bin/../lib/gcc/arm-none-eabi/10.3.1/thumb/v7-m/nofp/crtbegin.o
 *(.bss*)
 .bss.PS2_Data  0x20000458       0x15 CMakeFiles/test2.elf.dir/Core/Src/ps2.c.obj
                0x20000458                PS2_Data
 *fill*         0x2000046d        0x3 
 .bss.PS2_RawData
                0x20000470        0x9 CMakeFiles/test2.elf.dir/Core/Src/ps2.c.obj
                0x20000470                PS2_RawData
 *fill*         0x20000479        0x1 
 .bss.hhRetCount1
                0x2000047a        0x2 CMakeFiles/test2.elf.dir/Core/Src/stm32f1xx_it.c.obj
                0x2000047a                hhRetCount1
 .bss.htim1     0x2000047c       0x48 CMakeFiles/test2.elf.dir/Core/Src/tim.c.obj
                0x2000047c                htim1
 .bss.htim2     0x200004c4       0x48 CMakeFiles/test2.elf.dir/Core/Src/tim.c.obj
                0x200004c4                htim2
 .bss.htim3     0x2000050c       0x48 CMakeFiles/test2.elf.dir/Core/Src/tim.c.obj
                0x2000050c                htim3
 .bss.uwTick    0x20000554        0x4 CMakeFiles/test2.elf.dir/Drivers/STM32F1xx_HAL_Driver/Src/stm32f1xx_hal.c.obj
                0x20000554                uwTick
 .bss.__lock___atexit_recursive_mutex
                0x20000558        0x1 e:/stm32cubemx/gcc-arm-none-eabi-10.3-2021.10-win32/gcc-arm-none-eabi-10.3-2021.10/bin/../lib/gcc/arm-none-eabi/10.3.1/../../../../arm-none-eabi/lib/thumb/v7-m/nofp\libg.a(lib_a-lock.o)
                0x20000558                __lock___atexit_recursive_mutex
 *(COMMON)
                0x2000055c                . = ALIGN (0x4)
 *fill*         0x20000559        0x3 
                0x2000055c                _ebss = .
                0x2000055c                __bss_end__ = _ebss

._user_heap_stack
                0x2000055c      0x604 load address 0x08003000
                0x20000560                . = ALIGN (0x8)
 *fill*         0x2000055c        0x4 
                0x20000560                PROVIDE (end = .)
                [!provide]                PROVIDE (_end = .)
                0x20000760                . = (. + _Min_Heap_Size)
 *fill*         0x20000560      0x200 
                0x20000b60                . = (. + _Min_Stack_Size)
 *fill*         0x20000760      0x400 
                0x20000b60                . = ALIGN (0x8)

/DISCARD/
 libc.a(*)
 libm.a(*)
 libgcc.a(*)

.ARM.attributes
                0x00000000       0x29
 *(.ARM.attributes)
 .ARM.attributes
                0x00000000       0x1d e:/stm32cubemx/gcc-arm-none-eabi-10.3-2021.10-win32/gcc-arm-none-eabi-10.3-2021.10/bin/../lib/gcc/arm-none-eabi/10.3.1/thumb/v7-m/nofp/crti.o
 .ARM.attributes
                0x0000001d       0x2d e:/stm32cubemx/gcc-arm-none-eabi-10.3-2021.10-win32/gcc-arm-none-eabi-10.3-2021.10/bin/../lib/gcc/arm-none-eabi/10.3.1/thumb/v7-m/nofp/crtbegin.o
 .ARM.attributes
                0x0000004a       0x2d CMakeFiles/test2.elf.dir/Core/Src/Motor.c.obj
 .ARM.attributes
                0x00000077       0x2d CMakeFiles/test2.elf.dir/Core/Src/OLED.c.obj
 .ARM.attributes
                0x000000a4       0x2d CMakeFiles/test2.elf.dir/Core/Src/gpio.c.obj
 .ARM.attributes
                0x000000d1       0x2d CMakeFiles/test2.elf.dir/Core/Src/main.c.obj
 .ARM.attributes
                0x000000fe       0x2d CMakeFiles/test2.elf.dir/Core/Src/ps2.c.obj
 .ARM.attributes
                0x0000012b       0x2d CMakeFiles/test2.elf.dir/Core/Src/stm32f1xx_hal_msp.c.obj
 .ARM.attributes
                0x00000158       0x2d CMakeFiles/test2.elf.dir/Core/Src/stm32f1xx_it.c.obj
 .ARM.attributes
                0x00000185       0x2d CMakeFiles/test2.elf.dir/Core/Src/system_stm32f1xx.c.obj
 .ARM.attributes
                0x000001b2       0x2d CMakeFiles/test2.elf.dir/Core/Src/tim.c.obj
 .ARM.attributes
                0x000001df       0x2d CMakeFiles/test2.elf.dir/Drivers/STM32F1xx_HAL_Driver/Src/stm32f1xx_hal.c.obj
 .ARM.attributes
                0x0000020c       0x2d CMakeFiles/test2.elf.dir/Drivers/STM32F1xx_HAL_Driver/Src/stm32f1xx_hal_cortex.c.obj
 .ARM.attributes
                0x00000239       0x2d CMakeFiles/test2.elf.dir/Drivers/STM32F1xx_HAL_Driver/Src/stm32f1xx_hal_gpio.c.obj
 .ARM.attributes
                0x00000266       0x2d CMakeFiles/test2.elf.dir/Drivers/STM32F1xx_HAL_Driver/Src/stm32f1xx_hal_rcc.c.obj
 .ARM.attributes
                0x00000293       0x2d CMakeFiles/test2.elf.dir/Drivers/STM32F1xx_HAL_Driver/Src/stm32f1xx_hal_tim.c.obj
 .ARM.attributes
                0x000002c0       0x2d CMakeFiles/test2.elf.dir/Drivers/STM32F1xx_HAL_Driver/Src/stm32f1xx_hal_tim_ex.c.obj
 .ARM.attributes
                0x000002ed       0x21 CMakeFiles/test2.elf.dir/startup/startup_stm32f103xb.s.obj
 .ARM.attributes
                0x0000030e       0x1d e:/stm32cubemx/gcc-arm-none-eabi-10.3-2021.10-win32/gcc-arm-none-eabi-10.3-2021.10/bin/../lib/gcc/arm-none-eabi/10.3.1/thumb/v7-m/nofp\libgcc.a(_arm_addsubsf3.o)
 .ARM.attributes
                0x0000032b       0x1d e:/stm32cubemx/gcc-arm-none-eabi-10.3-2021.10-win32/gcc-arm-none-eabi-10.3-2021.10/bin/../lib/gcc/arm-none-eabi/10.3.1/thumb/v7-m/nofp\libgcc.a(_arm_muldivsf3.o)
 .ARM.attributes
                0x00000348       0x1d e:/stm32cubemx/gcc-arm-none-eabi-10.3-2021.10-win32/gcc-arm-none-eabi-10.3-2021.10/bin/../lib/gcc/arm-none-eabi/10.3.1/thumb/v7-m/nofp\libgcc.a(_arm_fixunssfsi.o)
 .ARM.attributes
                0x00000365       0x2d e:/stm32cubemx/gcc-arm-none-eabi-10.3-2021.10-win32/gcc-arm-none-eabi-10.3-2021.10/bin/../lib/gcc/arm-none-eabi/10.3.1/../../../../arm-none-eabi/lib/thumb/v7-m/nofp\libg.a(lib_a-impure.o)
 .ARM.attributes
                0x00000392       0x2d e:/stm32cubemx/gcc-arm-none-eabi-10.3-2021.10-win32/gcc-arm-none-eabi-10.3-2021.10/bin/../lib/gcc/arm-none-eabi/10.3.1/../../../../arm-none-eabi/lib/thumb/v7-m/nofp\libg.a(lib_a-init.o)
 .ARM.attributes
                0x000003bf       0x2d e:/stm32cubemx/gcc-arm-none-eabi-10.3-2021.10-win32/gcc-arm-none-eabi-10.3-2021.10/bin/../lib/gcc/arm-none-eabi/10.3.1/../../../../arm-none-eabi/lib/thumb/v7-m/nofp\libg.a(lib_a-memset.o)
 .ARM.attributes
                0x000003ec       0x2d e:/stm32cubemx/gcc-arm-none-eabi-10.3-2021.10-win32/gcc-arm-none-eabi-10.3-2021.10/bin/../lib/gcc/arm-none-eabi/10.3.1/../../../../arm-none-eabi/lib/thumb/v7-m/nofp\libg.a(lib_a-__call_atexit.o)
 .ARM.attributes
                0x00000419       0x2d e:/stm32cubemx/gcc-arm-none-eabi-10.3-2021.10-win32/gcc-arm-none-eabi-10.3-2021.10/bin/../lib/gcc/arm-none-eabi/10.3.1/../../../../arm-none-eabi/lib/thumb/v7-m/nofp\libg.a(lib_a-atexit.o)
 .ARM.attributes
                0x00000446       0x2d e:/stm32cubemx/gcc-arm-none-eabi-10.3-2021.10-win32/gcc-arm-none-eabi-10.3-2021.10/bin/../lib/gcc/arm-none-eabi/10.3.1/../../../../arm-none-eabi/lib/thumb/v7-m/nofp\libg.a(lib_a-fini.o)
 .ARM.attributes
                0x00000473       0x2d e:/stm32cubemx/gcc-arm-none-eabi-10.3-2021.10-win32/gcc-arm-none-eabi-10.3-2021.10/bin/../lib/gcc/arm-none-eabi/10.3.1/../../../../arm-none-eabi/lib/thumb/v7-m/nofp\libg.a(lib_a-lock.o)
 .ARM.attributes
                0x000004a0       0x2d e:/stm32cubemx/gcc-arm-none-eabi-10.3-2021.10-win32/gcc-arm-none-eabi-10.3-2021.10/bin/../lib/gcc/arm-none-eabi/10.3.1/../../../../arm-none-eabi/lib/thumb/v7-m/nofp\libg.a(lib_a-__atexit.o)
 .ARM.attributes
                0x000004cd       0x1d e:/stm32cubemx/gcc-arm-none-eabi-10.3-2021.10-win32/gcc-arm-none-eabi-10.3-2021.10/bin/../lib/gcc/arm-none-eabi/10.3.1/thumb/v7-m/nofp/crtn.o
OUTPUT(test2.elf elf32-littlearm)
LOAD linker stubs
LOAD e:/stm32cubemx/gcc-arm-none-eabi-10.3-2021.10-win32/gcc-arm-none-eabi-10.3-2021.10/bin/../lib/gcc/arm-none-eabi/10.3.1/../../../../arm-none-eabi/lib/thumb/v7-m/nofp\libc.a
LOAD e:/stm32cubemx/gcc-arm-none-eabi-10.3-2021.10-win32/gcc-arm-none-eabi-10.3-2021.10/bin/../lib/gcc/arm-none-eabi/10.3.1/../../../../arm-none-eabi/lib/thumb/v7-m/nofp\libm.a
LOAD e:/stm32cubemx/gcc-arm-none-eabi-10.3-2021.10-win32/gcc-arm-none-eabi-10.3-2021.10/bin/../lib/gcc/arm-none-eabi/10.3.1/thumb/v7-m/nofp\libgcc.a

.debug_info     0x00000000     0xc3a2
 .debug_info    0x00000000      0x918 CMakeFiles/test2.elf.dir/Core/Src/Motor.c.obj
 .debug_info    0x00000918      0xc62 CMakeFiles/test2.elf.dir/Core/Src/OLED.c.obj
 .debug_info    0x0000157a      0x5b9 CMakeFiles/test2.elf.dir/Core/Src/gpio.c.obj
 .debug_info    0x00001b33      0xc8a CMakeFiles/test2.elf.dir/Core/Src/main.c.obj
 .debug_info    0x000027bd      0x66b CMakeFiles/test2.elf.dir/Core/Src/ps2.c.obj
 .debug_info    0x00002e28      0x211 CMakeFiles/test2.elf.dir/Core/Src/stm32f1xx_hal_msp.c.obj
 .debug_info    0x00003039      0x369 CMakeFiles/test2.elf.dir/Core/Src/stm32f1xx_it.c.obj
 .debug_info    0x000033a2      0x248 CMakeFiles/test2.elf.dir/Core/Src/system_stm32f1xx.c.obj
 .debug_info    0x000035ea      0xf83 CMakeFiles/test2.elf.dir/Core/Src/tim.c.obj
 .debug_info    0x0000456d      0x7a8 CMakeFiles/test2.elf.dir/Drivers/STM32F1xx_HAL_Driver/Src/stm32f1xx_hal.c.obj
 .debug_info    0x00004d15      0xd8a CMakeFiles/test2.elf.dir/Drivers/STM32F1xx_HAL_Driver/Src/stm32f1xx_hal_cortex.c.obj
 .debug_info    0x00005a9f      0x66f CMakeFiles/test2.elf.dir/Drivers/STM32F1xx_HAL_Driver/Src/stm32f1xx_hal_gpio.c.obj
 .debug_info    0x0000610e      0xa3b CMakeFiles/test2.elf.dir/Drivers/STM32F1xx_HAL_Driver/Src/stm32f1xx_hal_rcc.c.obj
 .debug_info    0x00006b49     0x3d7c CMakeFiles/test2.elf.dir/Drivers/STM32F1xx_HAL_Driver/Src/stm32f1xx_hal_tim.c.obj
 .debug_info    0x0000a8c5     0x1abb CMakeFiles/test2.elf.dir/Drivers/STM32F1xx_HAL_Driver/Src/stm32f1xx_hal_tim_ex.c.obj
 .debug_info    0x0000c380       0x22 CMakeFiles/test2.elf.dir/startup/startup_stm32f103xb.s.obj

.debug_abbrev   0x00000000     0x1da3
 .debug_abbrev  0x00000000      0x1bb CMakeFiles/test2.elf.dir/Core/Src/Motor.c.obj
 .debug_abbrev  0x000001bb      0x1cd CMakeFiles/test2.elf.dir/Core/Src/OLED.c.obj
 .debug_abbrev  0x00000388      0x158 CMakeFiles/test2.elf.dir/Core/Src/gpio.c.obj
 .debug_abbrev  0x000004e0      0x27a CMakeFiles/test2.elf.dir/Core/Src/main.c.obj
 .debug_abbrev  0x0000075a      0x239 CMakeFiles/test2.elf.dir/Core/Src/ps2.c.obj
 .debug_abbrev  0x00000993       0xe5 CMakeFiles/test2.elf.dir/Core/Src/stm32f1xx_hal_msp.c.obj
 .debug_abbrev  0x00000a78      0x156 CMakeFiles/test2.elf.dir/Core/Src/stm32f1xx_it.c.obj
 .debug_abbrev  0x00000bce      0x13e CMakeFiles/test2.elf.dir/Core/Src/system_stm32f1xx.c.obj
 .debug_abbrev  0x00000d0c      0x263 CMakeFiles/test2.elf.dir/Core/Src/tim.c.obj
 .debug_abbrev  0x00000f6f      0x1f4 CMakeFiles/test2.elf.dir/Drivers/STM32F1xx_HAL_Driver/Src/stm32f1xx_hal.c.obj
 .debug_abbrev  0x00001163      0x341 CMakeFiles/test2.elf.dir/Drivers/STM32F1xx_HAL_Driver/Src/stm32f1xx_hal_cortex.c.obj
 .debug_abbrev  0x000014a4      0x1e6 CMakeFiles/test2.elf.dir/Drivers/STM32F1xx_HAL_Driver/Src/stm32f1xx_hal_gpio.c.obj
 .debug_abbrev  0x0000168a      0x27a CMakeFiles/test2.elf.dir/Drivers/STM32F1xx_HAL_Driver/Src/stm32f1xx_hal_rcc.c.obj
 .debug_abbrev  0x00001904      0x245 CMakeFiles/test2.elf.dir/Drivers/STM32F1xx_HAL_Driver/Src/stm32f1xx_hal_tim.c.obj
 .debug_abbrev  0x00001b49      0x248 CMakeFiles/test2.elf.dir/Drivers/STM32F1xx_HAL_Driver/Src/stm32f1xx_hal_tim_ex.c.obj
 .debug_abbrev  0x00001d91       0x12 CMakeFiles/test2.elf.dir/startup/startup_stm32f103xb.s.obj

.debug_loc      0x00000000     0x8d08
 .debug_loc     0x00000000       0xd8 CMakeFiles/test2.elf.dir/Core/Src/Motor.c.obj
 .debug_loc     0x000000d8      0x7c6 CMakeFiles/test2.elf.dir/Core/Src/OLED.c.obj
 .debug_loc     0x0000089e       0x3c CMakeFiles/test2.elf.dir/Core/Src/main.c.obj
 .debug_loc     0x000008da      0x1bd CMakeFiles/test2.elf.dir/Core/Src/ps2.c.obj
 .debug_loc     0x00000a97       0x15 CMakeFiles/test2.elf.dir/Core/Src/stm32f1xx_hal_msp.c.obj
 .debug_loc     0x00000aac       0xff CMakeFiles/test2.elf.dir/Core/Src/system_stm32f1xx.c.obj
 .debug_loc     0x00000bab       0xb1 CMakeFiles/test2.elf.dir/Core/Src/tim.c.obj
 .debug_loc     0x00000c5c      0x141 CMakeFiles/test2.elf.dir/Drivers/STM32F1xx_HAL_Driver/Src/stm32f1xx_hal.c.obj
 .debug_loc     0x00000d9d      0x71f CMakeFiles/test2.elf.dir/Drivers/STM32F1xx_HAL_Driver/Src/stm32f1xx_hal_cortex.c.obj
 .debug_loc     0x000014bc      0x47d CMakeFiles/test2.elf.dir/Drivers/STM32F1xx_HAL_Driver/Src/stm32f1xx_hal_gpio.c.obj
 .debug_loc     0x00001939      0x618 CMakeFiles/test2.elf.dir/Drivers/STM32F1xx_HAL_Driver/Src/stm32f1xx_hal_rcc.c.obj
 .debug_loc     0x00001f51     0x5124 CMakeFiles/test2.elf.dir/Drivers/STM32F1xx_HAL_Driver/Src/stm32f1xx_hal_tim.c.obj
 .debug_loc     0x00007075     0x1c93 CMakeFiles/test2.elf.dir/Drivers/STM32F1xx_HAL_Driver/Src/stm32f1xx_hal_tim_ex.c.obj

.debug_aranges  0x00000000      0xa88
 .debug_aranges
                0x00000000       0x58 CMakeFiles/test2.elf.dir/Core/Src/Motor.c.obj
 .debug_aranges
                0x00000058       0xa8 CMakeFiles/test2.elf.dir/Core/Src/OLED.c.obj
 .debug_aranges
                0x00000100       0x20 CMakeFiles/test2.elf.dir/Core/Src/gpio.c.obj
 .debug_aranges
                0x00000120       0x38 CMakeFiles/test2.elf.dir/Core/Src/main.c.obj
 .debug_aranges
                0x00000158       0x58 CMakeFiles/test2.elf.dir/Core/Src/ps2.c.obj
 .debug_aranges
                0x000001b0       0x20 CMakeFiles/test2.elf.dir/Core/Src/stm32f1xx_hal_msp.c.obj
 .debug_aranges
                0x000001d0       0x80 CMakeFiles/test2.elf.dir/Core/Src/stm32f1xx_it.c.obj
 .debug_aranges
                0x00000250       0x28 CMakeFiles/test2.elf.dir/Core/Src/system_stm32f1xx.c.obj
 .debug_aranges
                0x00000278       0x58 CMakeFiles/test2.elf.dir/Core/Src/tim.c.obj
 .debug_aranges
                0x000002d0       0xe0 CMakeFiles/test2.elf.dir/Drivers/STM32F1xx_HAL_Driver/Src/stm32f1xx_hal.c.obj
 .debug_aranges
                0x000003b0       0x90 CMakeFiles/test2.elf.dir/Drivers/STM32F1xx_HAL_Driver/Src/stm32f1xx_hal_cortex.c.obj
 .debug_aranges
                0x00000440       0x58 CMakeFiles/test2.elf.dir/Drivers/STM32F1xx_HAL_Driver/Src/stm32f1xx_hal_gpio.c.obj
 .debug_aranges
                0x00000498       0x90 CMakeFiles/test2.elf.dir/Drivers/STM32F1xx_HAL_Driver/Src/stm32f1xx_hal_rcc.c.obj
 .debug_aranges
                0x00000528      0x3d0 CMakeFiles/test2.elf.dir/Drivers/STM32F1xx_HAL_Driver/Src/stm32f1xx_hal_tim.c.obj
 .debug_aranges
                0x000008f8      0x168 CMakeFiles/test2.elf.dir/Drivers/STM32F1xx_HAL_Driver/Src/stm32f1xx_hal_tim_ex.c.obj
 .debug_aranges
                0x00000a60       0x28 CMakeFiles/test2.elf.dir/startup/startup_stm32f103xb.s.obj

.debug_ranges   0x00000000      0xa28
 .debug_ranges  0x00000000       0x48 CMakeFiles/test2.elf.dir/Core/Src/Motor.c.obj
 .debug_ranges  0x00000048       0x98 CMakeFiles/test2.elf.dir/Core/Src/OLED.c.obj
 .debug_ranges  0x000000e0       0x10 CMakeFiles/test2.elf.dir/Core/Src/gpio.c.obj
 .debug_ranges  0x000000f0       0x28 CMakeFiles/test2.elf.dir/Core/Src/main.c.obj
 .debug_ranges  0x00000118       0x60 CMakeFiles/test2.elf.dir/Core/Src/ps2.c.obj
 .debug_ranges  0x00000178       0x10 CMakeFiles/test2.elf.dir/Core/Src/stm32f1xx_hal_msp.c.obj
 .debug_ranges  0x00000188       0x70 CMakeFiles/test2.elf.dir/Core/Src/stm32f1xx_it.c.obj
 .debug_ranges  0x000001f8       0x18 CMakeFiles/test2.elf.dir/Core/Src/system_stm32f1xx.c.obj
 .debug_ranges  0x00000210       0x48 CMakeFiles/test2.elf.dir/Core/Src/tim.c.obj
 .debug_ranges  0x00000258       0xd0 CMakeFiles/test2.elf.dir/Drivers/STM32F1xx_HAL_Driver/Src/stm32f1xx_hal.c.obj
 .debug_ranges  0x00000328       0xe0 CMakeFiles/test2.elf.dir/Drivers/STM32F1xx_HAL_Driver/Src/stm32f1xx_hal_cortex.c.obj
 .debug_ranges  0x00000408       0x48 CMakeFiles/test2.elf.dir/Drivers/STM32F1xx_HAL_Driver/Src/stm32f1xx_hal_gpio.c.obj
 .debug_ranges  0x00000450       0xa0 CMakeFiles/test2.elf.dir/Drivers/STM32F1xx_HAL_Driver/Src/stm32f1xx_hal_rcc.c.obj
 .debug_ranges  0x000004f0      0x3c0 CMakeFiles/test2.elf.dir/Drivers/STM32F1xx_HAL_Driver/Src/stm32f1xx_hal_tim.c.obj
 .debug_ranges  0x000008b0      0x158 CMakeFiles/test2.elf.dir/Drivers/STM32F1xx_HAL_Driver/Src/stm32f1xx_hal_tim_ex.c.obj
 .debug_ranges  0x00000a08       0x20 CMakeFiles/test2.elf.dir/startup/startup_stm32f103xb.s.obj

.debug_line     0x00000000     0xb09d
 .debug_line    0x00000000      0x3ac CMakeFiles/test2.elf.dir/Core/Src/Motor.c.obj
 .debug_line    0x000003ac      0x78f CMakeFiles/test2.elf.dir/Core/Src/OLED.c.obj
 .debug_line    0x00000b3b      0x336 CMakeFiles/test2.elf.dir/Core/Src/gpio.c.obj
 .debug_line    0x00000e71      0x4e3 CMakeFiles/test2.elf.dir/Core/Src/main.c.obj
 .debug_line    0x00001354      0x5fc CMakeFiles/test2.elf.dir/Core/Src/ps2.c.obj
 .debug_line    0x00001950      0x1f8 CMakeFiles/test2.elf.dir/Core/Src/stm32f1xx_hal_msp.c.obj
 .debug_line    0x00001b48      0x3fb CMakeFiles/test2.elf.dir/Core/Src/stm32f1xx_it.c.obj
 .debug_line    0x00001f43      0x2c2 CMakeFiles/test2.elf.dir/Core/Src/system_stm32f1xx.c.obj
 .debug_line    0x00002205      0x737 CMakeFiles/test2.elf.dir/Core/Src/tim.c.obj
 .debug_line    0x0000293c      0x602 CMakeFiles/test2.elf.dir/Drivers/STM32F1xx_HAL_Driver/Src/stm32f1xx_hal.c.obj
 .debug_line    0x00002f3e      0x6e1 CMakeFiles/test2.elf.dir/Drivers/STM32F1xx_HAL_Driver/Src/stm32f1xx_hal_cortex.c.obj
 .debug_line    0x0000361f      0x689 CMakeFiles/test2.elf.dir/Drivers/STM32F1xx_HAL_Driver/Src/stm32f1xx_hal_gpio.c.obj
 .debug_line    0x00003ca8      0xcc6 CMakeFiles/test2.elf.dir/Drivers/STM32F1xx_HAL_Driver/Src/stm32f1xx_hal_rcc.c.obj
 .debug_line    0x0000496e     0x4a14 CMakeFiles/test2.elf.dir/Drivers/STM32F1xx_HAL_Driver/Src/stm32f1xx_hal_tim.c.obj
 .debug_line    0x00009382     0x1c73 CMakeFiles/test2.elf.dir/Drivers/STM32F1xx_HAL_Driver/Src/stm32f1xx_hal_tim_ex.c.obj
 .debug_line    0x0000aff5       0xa8 CMakeFiles/test2.elf.dir/startup/startup_stm32f103xb.s.obj

.debug_str      0x00000000     0x32e3
 .debug_str     0x00000000      0x6a9 CMakeFiles/test2.elf.dir/Core/Src/Motor.c.obj
                                0x763 (size before relaxing)
 .debug_str     0x000006a9      0x1c1 CMakeFiles/test2.elf.dir/Core/Src/OLED.c.obj
                                0x3b3 (size before relaxing)
 .debug_str     0x0000086a      0x3b3 CMakeFiles/test2.elf.dir/Core/Src/gpio.c.obj
                                0x5ca (size before relaxing)
 .debug_str     0x00000c1d      0x36b CMakeFiles/test2.elf.dir/Core/Src/main.c.obj
                                0xa8f (size before relaxing)
 .debug_str     0x00000f88       0xbc CMakeFiles/test2.elf.dir/Core/Src/ps2.c.obj
                                0x3d6 (size before relaxing)
 .debug_str     0x00001044       0x83 CMakeFiles/test2.elf.dir/Core/Src/stm32f1xx_hal_msp.c.obj
                                0x26f (size before relaxing)
 .debug_str     0x000010c7      0x16e CMakeFiles/test2.elf.dir/Core/Src/stm32f1xx_it.c.obj
                                0x37e (size before relaxing)
 .debug_str     0x00001235       0xa7 CMakeFiles/test2.elf.dir/Core/Src/system_stm32f1xx.c.obj
                                0x2a4 (size before relaxing)
 .debug_str     0x000012dc      0x2fd CMakeFiles/test2.elf.dir/Core/Src/tim.c.obj
                                0xaca (size before relaxing)
 .debug_str     0x000015d9      0x337 CMakeFiles/test2.elf.dir/Drivers/STM32F1xx_HAL_Driver/Src/stm32f1xx_hal.c.obj
                                0x874 (size before relaxing)
 .debug_str     0x00001910      0x3db CMakeFiles/test2.elf.dir/Drivers/STM32F1xx_HAL_Driver/Src/stm32f1xx_hal_cortex.c.obj
                                0x923 (size before relaxing)
 .debug_str     0x00001ceb       0xfe CMakeFiles/test2.elf.dir/Drivers/STM32F1xx_HAL_Driver/Src/stm32f1xx_hal_gpio.c.obj
                                0x450 (size before relaxing)
 .debug_str     0x00001de9      0x209 CMakeFiles/test2.elf.dir/Drivers/STM32F1xx_HAL_Driver/Src/stm32f1xx_hal_rcc.c.obj
                                0x67b (size before relaxing)
 .debug_str     0x00001ff2      0xdfe CMakeFiles/test2.elf.dir/Drivers/STM32F1xx_HAL_Driver/Src/stm32f1xx_hal_tim.c.obj
                               0x169f (size before relaxing)
 .debug_str     0x00002df0      0x49b CMakeFiles/test2.elf.dir/Drivers/STM32F1xx_HAL_Driver/Src/stm32f1xx_hal_tim_ex.c.obj
                                0xe90 (size before relaxing)
 .debug_str     0x0000328b       0x58 CMakeFiles/test2.elf.dir/startup/startup_stm32f103xb.s.obj
                                 0x96 (size before relaxing)

.comment        0x00000000       0x49
 .comment       0x00000000       0x49 CMakeFiles/test2.elf.dir/Core/Src/Motor.c.obj
                                 0x4a (size before relaxing)
 .comment       0x00000049       0x4a CMakeFiles/test2.elf.dir/Core/Src/OLED.c.obj
 .comment       0x00000049       0x4a CMakeFiles/test2.elf.dir/Core/Src/gpio.c.obj
 .comment       0x00000049       0x4a CMakeFiles/test2.elf.dir/Core/Src/main.c.obj
 .comment       0x00000049       0x4a CMakeFiles/test2.elf.dir/Core/Src/ps2.c.obj
 .comment       0x00000049       0x4a CMakeFiles/test2.elf.dir/Core/Src/stm32f1xx_hal_msp.c.obj
 .comment       0x00000049       0x4a CMakeFiles/test2.elf.dir/Core/Src/stm32f1xx_it.c.obj
 .comment       0x00000049       0x4a CMakeFiles/test2.elf.dir/Core/Src/system_stm32f1xx.c.obj
 .comment       0x00000049       0x4a CMakeFiles/test2.elf.dir/Core/Src/tim.c.obj
 .comment       0x00000049       0x4a CMakeFiles/test2.elf.dir/Drivers/STM32F1xx_HAL_Driver/Src/stm32f1xx_hal.c.obj
 .comment       0x00000049       0x4a CMakeFiles/test2.elf.dir/Drivers/STM32F1xx_HAL_Driver/Src/stm32f1xx_hal_cortex.c.obj
 .comment       0x00000049       0x4a CMakeFiles/test2.elf.dir/Drivers/STM32F1xx_HAL_Driver/Src/stm32f1xx_hal_gpio.c.obj
 .comment       0x00000049       0x4a CMakeFiles/test2.elf.dir/Drivers/STM32F1xx_HAL_Driver/Src/stm32f1xx_hal_rcc.c.obj
 .comment       0x00000049       0x4a CMakeFiles/test2.elf.dir/Drivers/STM32F1xx_HAL_Driver/Src/stm32f1xx_hal_tim.c.obj
 .comment       0x00000049       0x4a CMakeFiles/test2.elf.dir/Drivers/STM32F1xx_HAL_Driver/Src/stm32f1xx_hal_tim_ex.c.obj

.debug_frame    0x00000000     0x1d80
 .debug_frame   0x00000000       0xc0 CMakeFiles/test2.elf.dir/Core/Src/Motor.c.obj
 .debug_frame   0x000000c0      0x1fc CMakeFiles/test2.elf.dir/Core/Src/OLED.c.obj
 .debug_frame   0x000002bc       0x38 CMakeFiles/test2.elf.dir/Core/Src/gpio.c.obj
 .debug_frame   0x000002f4       0x70 CMakeFiles/test2.elf.dir/Core/Src/main.c.obj
 .debug_frame   0x00000364       0xdc CMakeFiles/test2.elf.dir/Core/Src/ps2.c.obj
 .debug_frame   0x00000440       0x28 CMakeFiles/test2.elf.dir/Core/Src/stm32f1xx_hal_msp.c.obj
 .debug_frame   0x00000468       0xf8 CMakeFiles/test2.elf.dir/Core/Src/stm32f1xx_it.c.obj
 .debug_frame   0x00000560       0x30 CMakeFiles/test2.elf.dir/Core/Src/system_stm32f1xx.c.obj
 .debug_frame   0x00000590       0xe8 CMakeFiles/test2.elf.dir/Core/Src/tim.c.obj
 .debug_frame   0x00000678      0x1cc CMakeFiles/test2.elf.dir/Drivers/STM32F1xx_HAL_Driver/Src/stm32f1xx_hal.c.obj
 .debug_frame   0x00000844      0x118 CMakeFiles/test2.elf.dir/Drivers/STM32F1xx_HAL_Driver/Src/stm32f1xx_hal_cortex.c.obj
 .debug_frame   0x0000095c       0xe4 CMakeFiles/test2.elf.dir/Drivers/STM32F1xx_HAL_Driver/Src/stm32f1xx_hal_gpio.c.obj
 .debug_frame   0x00000a40      0x184 CMakeFiles/test2.elf.dir/Drivers/STM32F1xx_HAL_Driver/Src/stm32f1xx_hal_rcc.c.obj
 .debug_frame   0x00000bc4      0xb1c CMakeFiles/test2.elf.dir/Drivers/STM32F1xx_HAL_Driver/Src/stm32f1xx_hal_tim.c.obj
 .debug_frame   0x000016e0      0x40c CMakeFiles/test2.elf.dir/Drivers/STM32F1xx_HAL_Driver/Src/stm32f1xx_hal_tim_ex.c.obj
 .debug_frame   0x00001aec       0x4c e:/stm32cubemx/gcc-arm-none-eabi-10.3-2021.10-win32/gcc-arm-none-eabi-10.3-2021.10/bin/../lib/gcc/arm-none-eabi/10.3.1/thumb/v7-m/nofp\libgcc.a(_arm_addsubsf3.o)
 .debug_frame   0x00001b38       0x38 e:/stm32cubemx/gcc-arm-none-eabi-10.3-2021.10-win32/gcc-arm-none-eabi-10.3-2021.10/bin/../lib/gcc/arm-none-eabi/10.3.1/thumb/v7-m/nofp\libgcc.a(_arm_muldivsf3.o)
 .debug_frame   0x00001b70       0x24 e:/stm32cubemx/gcc-arm-none-eabi-10.3-2021.10-win32/gcc-arm-none-eabi-10.3-2021.10/bin/../lib/gcc/arm-none-eabi/10.3.1/thumb/v7-m/nofp\libgcc.a(_arm_fixunssfsi.o)
 .debug_frame   0x00001b94       0x2c e:/stm32cubemx/gcc-arm-none-eabi-10.3-2021.10-win32/gcc-arm-none-eabi-10.3-2021.10/bin/../lib/gcc/arm-none-eabi/10.3.1/../../../../arm-none-eabi/lib/thumb/v7-m/nofp\libg.a(lib_a-init.o)
 .debug_frame   0x00001bc0       0x2c e:/stm32cubemx/gcc-arm-none-eabi-10.3-2021.10-win32/gcc-arm-none-eabi-10.3-2021.10/bin/../lib/gcc/arm-none-eabi/10.3.1/../../../../arm-none-eabi/lib/thumb/v7-m/nofp\libg.a(lib_a-memset.o)
 .debug_frame   0x00001bec       0x5c e:/stm32cubemx/gcc-arm-none-eabi-10.3-2021.10-win32/gcc-arm-none-eabi-10.3-2021.10/bin/../lib/gcc/arm-none-eabi/10.3.1/../../../../arm-none-eabi/lib/thumb/v7-m/nofp\libg.a(lib_a-__call_atexit.o)
 .debug_frame   0x00001c48       0x20 e:/stm32cubemx/gcc-arm-none-eabi-10.3-2021.10-win32/gcc-arm-none-eabi-10.3-2021.10/bin/../lib/gcc/arm-none-eabi/10.3.1/../../../../arm-none-eabi/lib/thumb/v7-m/nofp\libg.a(lib_a-atexit.o)
 .debug_frame   0x00001c68       0x34 e:/stm32cubemx/gcc-arm-none-eabi-10.3-2021.10-win32/gcc-arm-none-eabi-10.3-2021.10/bin/../lib/gcc/arm-none-eabi/10.3.1/../../../../arm-none-eabi/lib/thumb/v7-m/nofp\libg.a(lib_a-fini.o)
 .debug_frame   0x00001c9c       0xb0 e:/stm32cubemx/gcc-arm-none-eabi-10.3-2021.10-win32/gcc-arm-none-eabi-10.3-2021.10/bin/../lib/gcc/arm-none-eabi/10.3.1/../../../../arm-none-eabi/lib/thumb/v7-m/nofp\libg.a(lib_a-lock.o)
 .debug_frame   0x00001d4c       0x34 e:/stm32cubemx/gcc-arm-none-eabi-10.3-2021.10-win32/gcc-arm-none-eabi-10.3-2021.10/bin/../lib/gcc/arm-none-eabi/10.3.1/../../../../arm-none-eabi/lib/thumb/v7-m/nofp\libg.a(lib_a-__atexit.o)
